Compiling lib\main.dart for the Web...                          
flutter : Target dart2js failed: ProcessException: Process exited abnormally with exit code 1:
At line:1 char:1
+ flutter build web > build_errors.txt 2>&1
+ ~~~~~~~~~~~~~~~~~~~~~~~~~~~~~~~~~~~~~~~~~
    + CategoryInfo          : NotSpecified: (    Target dart2js ...th exit code 1::String)     [], RemoteException
    + FullyQualifiedErrorId : NativeCommandEr    ror
 
lib/admin/dashboard/settings/admin_settings_screen.dart:238:137:
Error: No named parameter with the name 'activeThumbColor'.
      child: Row(children: [Expanded(child: Text(label, style: theme.textTheme.bodyMedium)), Switch(value: value, onChanged: onChanged, activeThumbColor: colorScheme.primary)]),
                                                                                          ^^^^^^^^^^^^^^^^
/D:/flutter/packages/flutter/lib/src/material/switch.dart:106:9:
Info: Found this candidate, but the arguments don't match.
  const Switch({
        ^^^^^^
lib/leader/dashboard/settings/leader_settings_screen.dart:243:137:
Error: No named parameter with the name 'activeThumbColor'.
      child: Row(children: [Expanded(child: Text(label, style: theme.textTheme.bodyMedium)), Switch(value: value, onChanged: onChanged, activeThumbColor: colorScheme.primary)]),
                                                                                          ^^^^^^^^^^^^^^^^
/D:/flutter/packages/flutter/lib/src/material/switch.dart:106:9:
Info: Found this candidate, but the arguments don't match.
  const Switch({
        ^^^^^^
lib/leader/case_management/manual_assignment_dialog.dart:268:31:
Error: No named parameter with the name 'initialValue'.
                              initialValue: _selectedLeaderId,
                              ^^^^^^^^^^^^
/D:/flutter/packages/flutter/lib/src/material/dropdown.dart:1708:3:
Info: Found this candidate, but the arguments don't match.
  DropdownButtonFormField({
  ^^^^^^^^^^^^^^^^^^^^^^^
/D:/VIBEON/vibeon/pub_cache/hosted/pub.dev/fl_chart-1.1.0/lib/src/chart/base/custom_interactive_viewer.dart:419:9:
Error: The method 'translateByDouble' isn't defined for the class 'Matrix4'.
 - 'Matrix4' is from 'package:vector_math/vector_math_64.dart' ('/D:/VIBEON/vibeon/pub_cache/hosted/pub.dev/vector_math-2.1.4/lib/vector_math_64.dart').
      ..translateByDouble(
        ^^^^^^^^^^^^^^^^^
/D:/VIBEON/vibeon/pub_cache/hosted/pub.dev/fl_chart-1.1.0/lib/src/chart/base/custom_interactive_viewer.dart:534:9:
Error: The method 'scaleByDouble' isn't defined for the class 'Matrix4'.
 - 'Matrix4' is from 'package:vector_math/vector_math_64.dart' ('/D:/VIBEON/vibeon/pub_cache/hosted/pub.dev/vector_math-2.1.4/lib/vector_math_64.dart').
      ..scaleByDouble(clampedScale, clampedScale, clampedScale, 1);
        ^^^^^^^^^^^^^
/D:/VIBEON/vibeon/pub_cache/hosted/pub.dev/fl_chart-1.1.0/lib/src/chart/base/custom_interactive_viewer.dart:1114:7:
Error: The method 'translateByDouble' isn't defined for the class 'Matrix4'.
 - 'Matrix4' is from 'package:vector_math/vector_math_64.dart' ('/D:/VIBEON/vibeon/pub_cache/hosted/pub.dev/vector_math-2.1.4/lib/vector_math_64.dart').
    ..translateByDouble(rect.size.width / 2, rect.size.height / 2, 0, 1)
      ^^^^^^^^^^^^^^^^^
/D:/VIBEON/vibeon/pub_cache/hosted/pub.dev/fl_chart-1.1.0/lib/src/chart/base/custom_interactive_viewer.dart:1116:7:
Error: The method 'translateByDouble' isn't defined for the class 'Matrix4'.
 - 'Matrix4' is from 'package:vector_math/vector_math_64.dart' ('/D:/VIBEON/vibeon/pub_cache/hosted/pub.dev/vector_math-2.1.4/lib/vector_math_64.dart').
    ..translateByDouble(-rect.size.width / 2, -rect.size.height / 2, 0, 1);
      ^^^^^^^^^^^^^^^^^
Error: Compilation failed.
  Command: D:\flutter\bin\cache\dart-sdk\bin\dart.exe compile js --platform-binaries=D:\flutter\bin\cache\flutter_web_sdk\kernel --invoker=flutter_tool -Ddart.vm.product=true 
-DFLUTTER_VERSION=3.32.4 -DFLUTTER_CHANNEL=stable -DFLUTTER_GIT_URL=https://github.com/flutter/flutter.git -DFLUTTER_FRAMEWORK_REVISION=6fba2447e9 -DFLUTTER_ENGINE_REVISION=8cd19e509d 
-DFLUTTER_DART_VERSION=3.8.1 -DFLUTTER_WEB_USE_SKIA=true -DFLUTTER_WEB_USE_SKWASM=false 
-DFLUTTER_WEB_CANVASKIT_URL=https://www.gstatic.com/flutter-canvaskit/8cd19e509d6bece8ccd74aef027c4ca947363095/ --native-null-assertions --no-source-maps -o 
D:\imboni\frontend\.dart_tool\flutter_build\22daf7172574fcddc50bbf99a0a7e1e5\app.dill --packages=D:\imboni\frontend\.dart_tool\package_config.json --cfe-only 
D:\imboni\frontend\.dart_tool\flutter_build\22daf7172574fcddc50bbf99a0a7e1e5\main.dart
#0      RunResult.throwException (package:flutter_tools/src/base/process.dart:118:5)
#1      _DefaultProcessUtils.run (package:flutter_tools/src/base/process.dart:344:19)
<asynchronous suspension>
#2      Dart2JSTarget.build (package:flutter_tools/src/build_system/targets/web.dart:201:5)
<asynchronous suspension>
#3      _BuildInstance._invokeInternal (package:flutter_tools/src/build_system/build_system.dart:873:9)
<asynchronous suspension>
#4      Future.wait.<anonymous closure> (dart:async/future.dart:525:21)
<asynchronous suspension>
#5      _BuildInstance.invokeTarget (package:flutter_tools/src/build_system/build_system.dart:811:32)
<asynchronous suspension>
#6      Future.wait.<anonymous closure> (dart:async/future.dart:525:21)
<asynchronous suspension>
#7      _BuildInstance.invokeTarget (package:flutter_tools/src/build_system/build_system.dart:811:32)
<asynchronous suspension>
#8      FlutterBuildSystem.build (package:flutter_tools/src/build_system/build_system.dart:629:16)
<asynchronous suspension>
#9      WebBuilder.buildWeb (package:flutter_tools/src/web/compile.dart:91:34)
<asynchronous suspension>
#10     BuildWebCommand.runCommand (package:flutter_tools/src/commands/build_web.dart:246:5)
<asynchronous suspension>
#11     FlutterCommand.run.<anonymous closure> (package:flutter_tools/src/runner/flutter_command.dart:1563:27)
<asynchronous suspension>
#12     AppContext.run.<anonymous closure> (package:flutter_tools/src/base/context.dart:154:19)
<asynchronous suspension>
#13     CommandRunner.runCommand (package:args/command_runner.dart:212:13)
<asynchronous suspension>
#14     FlutterCommandRunner.runCommand.<anonymous closure> (package:flutter_tools/src/runner/flutter_command_runner.dart:494:9)
<asynchronous suspension>
#15     AppContext.run.<anonymous closure> (package:flutter_tools/src/base/context.dart:154:19)
<asynchronous suspension>
#16     FlutterCommandRunner.runCommand (package:flutter_tools/src/runner/flutter_command_runner.dart:431:5)
<asynchronous suspension>
#17     run.<anonymous closure>.<anonymous closure> (package:flutter_tools/runner.dart:98:11)
<asynchronous suspension>
#18     AppContext.run.<anonymous closure> (package:flutter_tools/src/base/context.dart:154:19)
<asynchronous suspension>
#19     main (package:flutter_tools/executable.dart:102:3)
<asynchronous suspension>

Compiling lib\main.dart for the Web...                             96.3s
Error: Failed to compile application for the Web.
